// Jest Snapshot v1, https://goo.gl/fbAQLP

exports[`Playlists Has expected snapshot output 1`] = `<styled.ul />`;
